python : INFO:app.db.firest
ore:\u2705 Firebase initial
ized with service account: 
smart-proto-inv-2026-fireba
se-adminsdk-fbsvc-8067fa1f8
4.json
위치 줄:1 문자:14
+ cd backend ; python test_
buffer.py > test_log.txt 2>
&1
+              ~~~~~~~~~~~~
~~~~~~~~~~~~~~~~~~~~~~~~~~~
~~
    + CategoryInfo         
     : NotSpecified: (INF  
  O:app.db.fir...8067fa1   
 f84.json:String) [], R    
emoteException
    + FullyQualifiedErrorI 
   d : NativeCommandError
 
INFO:app.db.firestore:\u270
5 Firestore client ready.
INFO:app.models.config_db: 
 \U0001f511 API_FOOTBALL_KE
Y = e0c5...75af (from Fires
tore)
INFO:app.models.config_db: 
 \U0001f511 BUFFER_ACCESS_T
OKEN = dhWj...Q510 (from Fi
restore)
INFO:app.models.config_db:\
U0001f4cb Firestore config 
로드 완료: 2개 키 주입됨
INFO:httpx:HTTP Request: PO
ST https://api.buffer.com "
HTTP/1.1 200 OK"
INFO:app.services.buffer_se
rvice:\u2705 Buffer channel
s loaded: 2 channels
INFO:app.services.buffer_se
rvice:\U0001f4f8 Attaching 
image to channel 69c074d0af
47dacb6944d570: https://sco
renix.com/sns/preview/footb
all.jpg...
INFO:httpx:HTTP Request: PO
ST https://api.buffer.com "
HTTP/1.1 200 OK"
INFO:app.services.buffer_se
rvice:createPost result for
 69c074d0af47dacb6944d570: 
{'data': {'createPost': {'m
essage': 'Failed to create 
post: Failed to fetch image
 dimensions: Bad Request'}}
}
ERROR:app.services.buffer_s
ervice:Buffer mutation erro
r (ch=69c074d0af47dacb6944d
570): Failed to create post
: Failed to fetch image dim
ensions: Bad Request
INFO:app.services.buffer_se
rvice:\U0001f4f8 Attaching 
image to channel 69c0ab99af
47dacb69457f18: https://sco
renix.com/sns/preview/footb
all.jpg...
INFO:httpx:HTTP Request: PO
ST https://api.buffer.com "
HTTP/1.1 200 OK"
INFO:app.services.buffer_se
rvice:createPost result for
 69c0ab99af47dacb69457f18: 
{'data': {'createPost': {'m
essage': 'Failed to create 
post: Failed to fetch image
 dimensions: Bad Request'}}
}
ERROR:app.services.buffer_s
ervice:Buffer mutation erro
r (ch=69c0ab99af47dacb69457
f18): Failed to create post
: Failed to fetch image dim
ensions: Bad Request
Testing Buffer Configuration...
Found 2 channels:
 - instagram: 69c074d0af47dacb6944d570 (scorenix_official)
 - facebook: 69c0ab99af47dacb69457f18 (Scorenix)
Attempting to publish a test post...
Publish result: {'success': False, 'error': 'Failed to publish to all channels', 'details': [{'channel_id': '69c074d0af47dacb6944d570', 'error': 'Failed to create post: Failed to fetch image dimensions: Bad Request'}, {'channel_id': '69c0ab99af47dacb69457f18', 'error': 'Failed to create post: Failed to fetch image dimensions: Bad Request'}]}
